[debug] [2026-09-22T15:33:14.512Z] ----------------------------------------------------------------------
[debug] [2026-09-22T15:33:14.517Z] Command:       C:\Program Files\nodejs\node.exe C:\Users\phara\AppData\Local\npm-cache\_npx\872b751b2f16d338\node_modules\firebase-tools\lib\bin\firebase.js emulators:start --only auth --project stovio-app
[debug] [2026-09-22T15:33:14.517Z] CLI Version:   13.35.1
[debug] [2026-09-22T15:33:14.517Z] Platform:      win32
[debug] [2026-09-22T15:33:14.517Z] Node Version:  v24.19.0
[debug] [2026-09-22T15:33:14.517Z] Time:          Tue Sep 22 2026 17:33:14 GMT+0200 (Central European Summer Time)
[debug] [2026-09-22T15:33:14.517Z] ----------------------------------------------------------------------
[debug] 
[debug] [2026-09-22T15:33:14.542Z] >>> [apiv2][query] GET https://firebase-public.firebaseio.com/cli.json [none]
[debug] [2026-09-22T15:33:14.830Z] Object "" in "firebase.json" has unknown property: {"additionalProperty":"react-native"}
[debug] [2026-09-22T15:33:14.841Z] > command requires scopes: ["email","openid","https://www.googleapis.com/auth/cloudplatformprojects.readonly","https://www.googleapis.com/auth/firebase","https://www.googleapis.com/auth/cloud-platform"]
[debug] [2026-09-22T15:33:15.049Z] Running auto auth
[info] i  emulators: Starting emulators: auth {"metadata":{"emulator":{"name":"hub"},"message":"Starting emulators: auth"}}
[debug] [2026-09-22T15:33:15.087Z] [logging] Logging Emulator only supports listening on one address (127.0.0.1). Not listening on ::1
[debug] [2026-09-22T15:33:15.088Z] assigned listening specs for emulators {"user":{"auth":[{"address":"127.0.0.1","family":"IPv4","port":9099}],"hub":[{"address":"127.0.0.1","family":"IPv4","port":4400},{"address":"::1","family":"IPv6","port":4400}],"ui":[{"address":"127.0.0.1","family":"IPv4","port":4000},{"address":"::1","family":"IPv6","port":4000}],"logging":[{"address":"127.0.0.1","family":"IPv4","port":4500}]},"metadata":{"message":"assigned listening specs for emulators"}}
[debug] [2026-09-22T15:33:15.095Z] [hub] writing locator at C:\Users\phara\AppData\Local\Temp\hub-stovio-app.json
[debug] [2026-09-22T15:33:22.951Z] <<< [apiv2][status] GET https://firebase-public.firebaseio.com/cli.json 200
[debug] [2026-09-22T15:33:22.951Z] <<< [apiv2][body] GET https://firebase-public.firebaseio.com/cli.json {"cloudBuildErrorAfter":1594252800000,"cloudBuildWarnAfter":1590019200000,"defaultNode10After":1594252800000,"minVersion":"3.0.5","node8DeploysDisabledAfter":1613390400000,"node8RuntimeDisabledAfter":1615809600000,"node8WarnAfter":1600128000000}
[info] i  ui: downloading ui-v1.14.0.zip... {"metadata":{"emulator":{"name":"ui"},"message":"downloading ui-v1.14.0.zip..."}}
[debug] [2026-09-22T15:33:22.976Z] >>> [apiv2][query] GET https://storage.googleapis.com/firebase-preview-drop/emulator/ui-v1.14.0.zip 
[debug] [2026-09-22T15:33:23.182Z] <<< [apiv2][status] GET https://storage.googleapis.com/firebase-preview-drop/emulator/ui-v1.14.0.zip 200
[debug] [2026-09-22T15:33:23.182Z] <<< [apiv2][body] GET https://storage.googleapis.com/firebase-preview-drop/emulator/ui-v1.14.0.zip [stream]
[debug] [2026-09-22T15:33:23.820Z] Data is 3615311
[debug] [2026-09-22T15:33:23.821Z] [unzip] Entry: client/ (compressed_size=0 bytes, uncompressed_size=0 bytes)
[debug] [2026-09-22T15:33:23.821Z] [unzip] Processing entry: client\
[debug] [2026-09-22T15:33:23.821Z] [unzip] mkdir: C:\Users\phara\.cache\firebase\emulators\ui-v1.14.0\client\
[debug] [2026-09-22T15:33:23.822Z] [unzip] Entry: client/favicon-16x16.png (compressed_size=293 bytes, uncompressed_size=293 bytes)
[debug] [2026-09-22T15:33:23.822Z] [unzip] Processing entry: client\favicon-16x16.png
[debug] [2026-09-22T15:33:23.822Z] [unzip] else mkdir: C:\Users\phara\.cache\firebase\emulators\ui-v1.14.0\client
[debug] [2026-09-22T15:33:23.823Z] [unzip] Writing file: C:\Users\phara\.cache\firebase\emulators\ui-v1.14.0\client\favicon-16x16.png
[debug] [2026-09-22T15:33:23.824Z] [unzip] Entry: client/safari-pinned-tab.svg (compressed_size=1433 bytes, uncompressed_size=2611 bytes)
[debug] [2026-09-22T15:33:23.824Z] [unzip] Processing entry: client\safari-pinned-tab.svg
[debug] [2026-09-22T15:33:23.824Z] [unzip] else mkdir: C:\Users\phara\.cache\firebase\emulators\ui-v1.14.0\client
[debug] [2026-09-22T15:33:23.825Z] [unzip] deflating: C:\Users\phara\.cache\firebase\emulators\ui-v1.14.0\client\safari-pinned-tab.svg
[debug] [2026-09-22T15:33:23.829Z] [unzip] Entry: client/favicon.ico (compressed_size=2933 bytes, uncompressed_size=13294 bytes)
[debug] [2026-09-22T15:33:23.829Z] [unzip] Processing entry: client\favicon.ico
[debug] [2026-09-22T15:33:23.829Z] [unzip] else mkdir: C:\Users\phara\.cache\firebase\emulators\ui-v1.14.0\client
[debug] [2026-09-22T15:33:23.830Z] [unzip] deflating: C:\Users\phara\.cache\firebase\emulators\ui-v1.14.0\client\favicon.ico
[debug] [2026-09-22T15:33:23.832Z] [unzip] Entry: client/index.html (compressed_size=1363 bytes, uncompressed_size=3071 bytes)
[debug] [2026-09-22T15:33:23.832Z] [unzip] Processing entry: client\index.html
[debug] [2026-09-22T15:33:23.832Z] [unzip] else mkdir: C:\Users\phara\.cache\firebase\emulators\ui-v1.14.0\client
[debug] [2026-09-22T15:33:23.833Z] [unzip] deflating: C:\Users\phara\.cache\firebase\emulators\ui-v1.14.0\client\index.html
[debug] [2026-09-22T15:33:23.835Z] [unzip] Entry: client/android-chrome-192x192.png (compressed_size=2684 bytes, uncompressed_size=2684 bytes)
[debug] [2026-09-22T15:33:23.835Z] [unzip] Processing entry: client\android-chrome-192x192.png
[debug] [2026-09-22T15:33:23.835Z] [unzip] else mkdir: C:\Users\phara\.cache\firebase\emulators\ui-v1.14.0\client
[debug] [2026-09-22T15:33:23.835Z] [unzip] Writing file: C:\Users\phara\.cache\firebase\emulators\ui-v1.14.0\client\android-chrome-192x192.png
[debug] [2026-09-22T15:33:23.836Z] [unzip] Entry: client/apple-touch-icon.png (compressed_size=2123 bytes, uncompressed_size=2152 bytes)
[debug] [2026-09-22T15:33:23.836Z] [unzip] Processing entry: client\apple-touch-icon.png
[debug] [2026-09-22T15:33:23.836Z] [unzip] else mkdir: C:\Users\phara\.cache\firebase\emulators\ui-v1.14.0\client
[debug] [2026-09-22T15:33:23.836Z] [unzip] deflating: C:\Users\phara\.cache\firebase\emulators\ui-v1.14.0\client\apple-touch-icon.png
[debug] [2026-09-22T15:33:23.838Z] [unzip] Entry: client/android-chrome-512x512.png (compressed_size=5369 bytes, uncompressed_size=5411 bytes)
[debug] [2026-09-22T15:33:23.838Z] [unzip] Processing entry: client\android-chrome-512x512.png
[debug] [2026-09-22T15:33:23.838Z] [unzip] else mkdir: C:\Users\phara\.cache\firebase\emulators\ui-v1.14.0\client
[debug] [2026-09-22T15:33:23.839Z] [unzip] deflating: C:\Users\phara\.cache\firebase\emulators\ui-v1.14.0\client\android-chrome-512x512.png
[debug] [2026-09-22T15:33:23.841Z] [unzip] Entry: client/manifest.json (compressed_size=245 bytes, uncompressed_size=551 bytes)
[debug] [2026-09-22T15:33:23.841Z] [unzip] Processing entry: client\manifest.json
[debug] [2026-09-22T15:33:23.841Z] [unzip] else mkdir: C:\Users\phara\.cache\firebase\emulators\ui-v1.14.0\client
[debug] [2026-09-22T15:33:23.842Z] [unzip] deflating: C:\Users\phara\.cache\firebase\emulators\ui-v1.14.0\client\manifest.json
[debug] [2026-09-22T15:33:23.843Z] [unzip] Entry: client/robots.txt (compressed_size=26 bytes, uncompressed_size=26 bytes)
[debug] [2026-09-22T15:33:23.844Z] [unzip] Processing entry: client\robots.txt
[debug] [2026-09-22T15:33:23.844Z] [unzip] else mkdir: C:\Users\phara\.cache\firebase\emulators\ui-v1.14.0\client
[debug] [2026-09-22T15:33:23.844Z] [unzip] Writing file: C:\Users\phara\.cache\firebase\emulators\ui-v1.14.0\client\robots.txt
[debug] [2026-09-22T15:33:23.845Z] [unzip] Entry: client/mstile-150x150.png (compressed_size=2034 bytes, uncompressed_size=2034 bytes)
[debug] [2026-09-22T15:33:23.845Z] [unzip] Processing entry: client\mstile-150x150.png
[debug] [2026-09-22T15:33:23.845Z] [unzip] else mkdir: C:\Users\phara\.cache\firebase\emulators\ui-v1.14.0\client
[debug] [2026-09-22T15:33:23.846Z] [unzip] Writing file: C:\Users\phara\.cache\firebase\emulators\ui-v1.14.0\client\mstile-150x150.png
[debug] [2026-09-22T15:33:23.847Z] [unzip] Entry: client/assets/ (compressed_size=0 bytes, uncompressed_size=0 bytes)
[debug] [2026-09-22T15:33:23.847Z] [unzip] Processing entry: client\assets\
[debug] [2026-09-22T15:33:23.847Z] [unzip] mkdir: C:\Users\phara\.cache\firebase\emulators\ui-v1.14.0\client\assets\
[debug] [2026-09-22T15:33:23.848Z] [unzip] Entry: client/assets/index-ClZTY_JS.js.map (compressed_size=2328270 bytes, uncompressed_size=9947004 bytes)
[debug] [2026-09-22T15:33:23.848Z] [unzip] Processing entry: client\assets\index-ClZTY_JS.js.map
[debug] [2026-09-22T15:33:23.848Z] [unzip] else mkdir: C:\Users\phara\.cache\firebase\emulators\ui-v1.14.0\client\assets
[debug] [2026-09-22T15:33:23.849Z] [unzip] deflating: C:\Users\phara\.cache\firebase\emulators\ui-v1.14.0\client\assets\index-ClZTY_JS.js.map
[debug] [2026-09-22T15:33:23.914Z] [unzip] Entry: client/assets/index-ClZTY_JS.js (compressed_size=567195 bytes, uncompressed_size=2035940 bytes)
[debug] [2026-09-22T15:33:23.914Z] [unzip] Processing entry: client\assets\index-ClZTY_JS.js
[debug] [2026-09-22T15:33:23.914Z] [unzip] else mkdir: C:\Users\phara\.cache\firebase\emulators\ui-v1.14.0\client\assets
[debug] [2026-09-22T15:33:23.914Z] [unzip] deflating: C:\Users\phara\.cache\firebase\emulators\ui-v1.14.0\client\assets\index-ClZTY_JS.js
[debug] [2026-09-22T15:33:23.929Z] [unzip] Entry: client/assets/index-BdgySamB.css (compressed_size=35979 bytes, uncompressed_size=298654 bytes)
[debug] [2026-09-22T15:33:23.930Z] [unzip] Processing entry: client\assets\index-BdgySamB.css
[debug] [2026-09-22T15:33:23.930Z] [unzip] else mkdir: C:\Users\phara\.cache\firebase\emulators\ui-v1.14.0\client\assets
[debug] [2026-09-22T15:33:23.930Z] [unzip] deflating: C:\Users\phara\.cache\firebase\emulators\ui-v1.14.0\client\assets\index-BdgySamB.css
[debug] [2026-09-22T15:33:23.934Z] [unzip] Entry: client/assets/extensions/ (compressed_size=0 bytes, uncompressed_size=0 bytes)
[debug] [2026-09-22T15:33:23.934Z] [unzip] Processing entry: client\assets\extensions\
[debug] [2026-09-22T15:33:23.934Z] [unzip] mkdir: C:\Users\phara\.cache\firebase\emulators\ui-v1.14.0\client\assets\extensions\
[debug] [2026-09-22T15:33:23.935Z] [unzip] Entry: client/assets/extensions/default-extension.png (compressed_size=1646 bytes, uncompressed_size=1657 bytes)
[debug] [2026-09-22T15:33:23.935Z] [unzip] Processing entry: client\assets\extensions\default-extension.png
[debug] [2026-09-22T15:33:23.935Z] [unzip] else mkdir: C:\Users\phara\.cache\firebase\emulators\ui-v1.14.0\client\assets\extensions
[debug] [2026-09-22T15:33:23.936Z] [unzip] deflating: C:\Users\phara\.cache\firebase\emulators\ui-v1.14.0\client\assets\extensions\default-extension.png
[debug] [2026-09-22T15:33:23.938Z] [unzip] Entry: client/assets/img/ (compressed_size=0 bytes, uncompressed_size=0 bytes)
[debug] [2026-09-22T15:33:23.938Z] [unzip] Processing entry: client\assets\img\
[debug] [2026-09-22T15:33:23.938Z] [unzip] mkdir: C:\Users\phara\.cache\firebase\emulators\ui-v1.14.0\client\assets\img\
[debug] [2026-09-22T15:33:23.939Z] [unzip] Entry: client/assets/img/database.png (compressed_size=29449 bytes, uncompressed_size=29988 bytes)
[debug] [2026-09-22T15:33:23.939Z] [unzip] Processing entry: client\assets\img\database.png
[debug] [2026-09-22T15:33:23.939Z] [unzip] else mkdir: C:\Users\phara\.cache\firebase\emulators\ui-v1.14.0\client\assets\img
[debug] [2026-09-22T15:33:23.939Z] [unzip] deflating: C:\Users\phara\.cache\firebase\emulators\ui-v1.14.0\client\assets\img\database.png
[debug] [2026-09-22T15:33:23.941Z] [unzip] Entry: client/assets/provider-icons/ (compressed_size=0 bytes, uncompressed_size=0 bytes)
[debug] [2026-09-22T15:33:23.941Z] [unzip] Processing entry: client\assets\provider-icons\
[debug] [2026-09-22T15:33:23.941Z] [unzip] mkdir: C:\Users\phara\.cache\firebase\emulators\ui-v1.14.0\client\assets\provider-icons\
[debug] [2026-09-22T15:33:23.941Z] [unzip] Entry: client/assets/provider-icons/auth_service_saml.svg (compressed_size=575 bytes, uncompressed_size=1226 bytes)
[debug] [2026-09-22T15:33:23.941Z] [unzip] Processing entry: client\assets\provider-icons\auth_service_saml.svg
[debug] [2026-09-22T15:33:23.942Z] [unzip] else mkdir: C:\Users\phara\.cache\firebase\emulators\ui-v1.14.0\client\assets\provider-icons
[debug] [2026-09-22T15:33:23.942Z] [unzip] deflating: C:\Users\phara\.cache\firebase\emulators\ui-v1.14.0\client\assets\provider-icons\auth_service_saml.svg
[debug] [2026-09-22T15:33:23.944Z] [unzip] Entry: client/assets/provider-icons/auth_service_phone.svg (compressed_size=261 bytes, uncompressed_size=414 bytes)
[debug] [2026-09-22T15:33:23.944Z] [unzip] Processing entry: client\assets\provider-icons\auth_service_phone.svg
[debug] [2026-09-22T15:33:23.944Z] [unzip] else mkdir: C:\Users\phara\.cache\firebase\emulators\ui-v1.14.0\client\assets\provider-icons
[debug] [2026-09-22T15:33:23.944Z] [unzip] deflating: C:\Users\phara\.cache\firebase\emulators\ui-v1.14.0\client\assets\provider-icons\auth_service_phone.svg
[debug] [2026-09-22T15:33:23.946Z] [unzip] Entry: client/assets/provider-icons/auth_service_facebook.svg (compressed_size=289 bytes, uncompressed_size=457 bytes)
[debug] [2026-09-22T15:33:23.946Z] [unzip] Processing entry: client\assets\provider-icons\auth_service_facebook.svg
[debug] [2026-09-22T15:33:23.946Z] [unzip] else mkdir: C:\Users\phara\.cache\firebase\emulators\ui-v1.14.0\client\assets\provider-icons
[debug] [2026-09-22T15:33:23.946Z] [unzip] deflating: C:\Users\phara\.cache\firebase\emulators\ui-v1.14.0\client\assets\provider-icons\auth_service_facebook.svg
[debug] [2026-09-22T15:33:23.948Z] [unzip] Entry: client/assets/provider-icons/auth_service_game_center.svg (compressed_size=991 bytes, uncompressed_size=3921 bytes)
[debug] [2026-09-22T15:33:23.948Z] [unzip] Processing entry: client\assets\provider-icons\auth_service_game_center.svg
[debug] [2026-09-22T15:33:23.948Z] [unzip] else mkdir: C:\Users\phara\.cache\firebase\emulators\ui-v1.14.0\client\assets\provider-icons
[debug] [2026-09-22T15:33:23.949Z] [unzip] deflating: C:\Users\phara\.cache\firebase\emulators\ui-v1.14.0\client\assets\provider-icons\auth_service_game_center.svg
[debug] [2026-09-22T15:33:23.951Z] [unzip] Entry: client/assets/provider-icons/auth_service_apple.svg (compressed_size=230 bytes, uncompressed_size=334 bytes)
[debug] [2026-09-22T15:33:23.951Z] [unzip] Processing entry: client\assets\provider-icons\auth_service_apple.svg
[debug] [2026-09-22T15:33:23.951Z] [unzip] else mkdir: C:\Users\phara\.cache\firebase\emulators\ui-v1.14.0\client\assets\provider-icons
[debug] [2026-09-22T15:33:23.951Z] [unzip] deflating: C:\Users\phara\.cache\firebase\emulators\ui-v1.14.0\client\assets\provider-icons\auth_service_apple.svg
[debug] [2026-09-22T15:33:23.953Z] [unzip] Entry: client/assets/provider-icons/auth_service_github.svg (compressed_size=466 bytes, uncompressed_size=838 bytes)
[debug] [2026-09-22T15:33:23.953Z] [unzip] Processing entry: client\assets\provider-icons\auth_service_github.svg
[debug] [2026-09-22T15:33:23.953Z] [unzip] else mkdir: C:\Users\phara\.cache\firebase\emulators\ui-v1.14.0\client\assets\provider-icons
[debug] [2026-09-22T15:33:23.953Z] [unzip] deflating: C:\Users\phara\.cache\firebase\emulators\ui-v1.14.0\client\assets\provider-icons\auth_service_github.svg
[debug] [2026-09-22T15:33:23.954Z] [unzip] Entry: client/assets/provider-icons/auth_service_mslive.svg (compressed_size=203 bytes, uncompressed_size=378 bytes)
[debug] [2026-09-22T15:33:23.955Z] [unzip] Processing entry: client\assets\provider-icons\auth_service_mslive.svg
[debug] [2026-09-22T15:33:23.955Z] [unzip] else mkdir: C:\Users\phara\.cache\firebase\emulators\ui-v1.14.0\client\assets\provider-icons
[debug] [2026-09-22T15:33:23.955Z] [unzip] deflating: C:\Users\phara\.cache\firebase\emulators\ui-v1.14.0\client\assets\provider-icons\auth_service_mslive.svg
[debug] [2026-09-22T15:33:23.956Z] [unzip] Entry: client/assets/provider-icons/auth_service_yahoo.svg (compressed_size=577 bytes, uncompressed_size=1182 bytes)
[debug] [2026-09-22T15:33:23.957Z] [unzip] Processing entry: client\assets\provider-icons\auth_service_yahoo.svg
[debug] [2026-09-22T15:33:23.957Z] [unzip] else mkdir: C:\Users\phara\.cache\firebase\emulators\ui-v1.14.0\client\assets\provider-icons
[debug] [2026-09-22T15:33:23.957Z] [unzip] deflating: C:\Users\phara\.cache\firebase\emulators\ui-v1.14.0\client\assets\provider-icons\auth_service_yahoo.svg
[debug] [2026-09-22T15:33:23.959Z] [unzip] Entry: client/assets/provider-icons/auth_service_twitter.svg (compressed_size=444 bytes, uncompressed_size=751 bytes)
[debug] [2026-09-22T15:33:23.959Z] [unzip] Processing entry: client\assets\provider-icons\auth_service_twitter.svg
[debug] [2026-09-22T15:33:23.959Z] [unzip] else mkdir: C:\Users\phara\.cache\firebase\emulators\ui-v1.14.0\client\assets\provider-icons
[debug] [2026-09-22T15:33:23.960Z] [unzip] deflating: C:\Users\phara\.cache\firebase\emulators\ui-v1.14.0\client\assets\provider-icons\auth_service_twitter.svg
[debug] [2026-09-22T15:33:23.961Z] [unzip] Entry: client/assets/provider-icons/auth_service_play_games.svg (compressed_size=565 bytes, uncompressed_size=1173 bytes)
[debug] [2026-09-22T15:33:23.962Z] [unzip] Processing entry: client\assets\provider-icons\auth_service_play_games.svg
[debug] [2026-09-22T15:33:23.962Z] [unzip] else mkdir: C:\Users\phara\.cache\firebase\emulators\ui-v1.14.0\client\assets\provider-icons
[debug] [2026-09-22T15:33:23.962Z] [unzip] deflating: C:\Users\phara\.cache\firebase\emulators\ui-v1.14.0\client\assets\provider-icons\auth_service_play_games.svg
[debug] [2026-09-22T15:33:23.965Z] [unzip] Entry: client/assets/provider-icons/auth_service_email.svg (compressed_size=228 bytes, uncompressed_size=326 bytes)
[debug] [2026-09-22T15:33:23.965Z] [unzip] Processing entry: client\assets\provider-icons\auth_service_email.svg
[debug] [2026-09-22T15:33:23.965Z] [unzip] else mkdir: C:\Users\phara\.cache\firebase\emulators\ui-v1.14.0\client\assets\provider-icons
[debug] [2026-09-22T15:33:23.965Z] [unzip] deflating: C:\Users\phara\.cache\firebase\emulators\ui-v1.14.0\client\assets\provider-icons\auth_service_email.svg
[debug] [2026-09-22T15:33:23.967Z] [unzip] Entry: client/assets/provider-icons/auth_service_google.svg (compressed_size=409 bytes, uncompressed_size=720 bytes)
[debug] [2026-09-22T15:33:23.967Z] [unzip] Processing entry: client\assets\provider-icons\auth_service_google.svg
[debug] [2026-09-22T15:33:23.967Z] [unzip] else mkdir: C:\Users\phara\.cache\firebase\emulators\ui-v1.14.0\client\assets\provider-icons
[debug] [2026-09-22T15:33:23.968Z] [unzip] deflating: C:\Users\phara\.cache\firebase\emulators\ui-v1.14.0\client\assets\provider-icons\auth_service_google.svg
[debug] [2026-09-22T15:33:23.970Z] [unzip] Entry: client/assets/provider-icons/auth_service_oidc.svg (compressed_size=414 bytes, uncompressed_size=858 bytes)
[debug] [2026-09-22T15:33:23.970Z] [unzip] Processing entry: client\assets\provider-icons\auth_service_oidc.svg
[debug] [2026-09-22T15:33:23.971Z] [unzip] else mkdir: C:\Users\phara\.cache\firebase\emulators\ui-v1.14.0\client\assets\provider-icons
[debug] [2026-09-22T15:33:23.971Z] [unzip] deflating: C:\Users\phara\.cache\firebase\emulators\ui-v1.14.0\client\assets\provider-icons\auth_service_oidc.svg
[debug] [2026-09-22T15:33:23.973Z] [unzip] Entry: client/browserconfig.xml (compressed_size=491 bytes, uncompressed_size=822 bytes)
[debug] [2026-09-22T15:33:23.973Z] [unzip] Processing entry: client\browserconfig.xml
[debug] [2026-09-22T15:33:23.973Z] [unzip] else mkdir: C:\Users\phara\.cache\firebase\emulators\ui-v1.14.0\client
[debug] [2026-09-22T15:33:23.974Z] [unzip] deflating: C:\Users\phara\.cache\firebase\emulators\ui-v1.14.0\client\browserconfig.xml
[debug] [2026-09-22T15:33:23.975Z] [unzip] Entry: client/favicon-32x32.png (compressed_size=475 bytes, uncompressed_size=475 bytes)
[debug] [2026-09-22T15:33:23.975Z] [unzip] Processing entry: client\favicon-32x32.png
[debug] [2026-09-22T15:33:23.975Z] [unzip] else mkdir: C:\Users\phara\.cache\firebase\emulators\ui-v1.14.0\client
[debug] [2026-09-22T15:33:23.976Z] [unzip] Writing file: C:\Users\phara\.cache\firebase\emulators\ui-v1.14.0\client\favicon-32x32.png
[debug] [2026-09-22T15:33:23.977Z] [unzip] Entry: server/ (compressed_size=0 bytes, uncompressed_size=0 bytes)
[debug] [2026-09-22T15:33:23.977Z] [unzip] Processing entry: server\
[debug] [2026-09-22T15:33:23.977Z] [unzip] mkdir: C:\Users\phara\.cache\firebase\emulators\ui-v1.14.0\server\
[debug] [2026-09-22T15:33:23.978Z] [unzip] Entry: server/server.mjs.map (compressed_size=296496 bytes, uncompressed_size=1355667 bytes)
[debug] [2026-09-22T15:33:23.979Z] [unzip] Processing entry: server\server.mjs.map
[debug] [2026-09-22T15:33:23.979Z] [unzip] else mkdir: C:\Users\phara\.cache\firebase\emulators\ui-v1.14.0\server
[debug] [2026-09-22T15:33:23.979Z] [unzip] deflating: C:\Users\phara\.cache\firebase\emulators\ui-v1.14.0\server\server.mjs.map
[debug] [2026-09-22T15:33:23.988Z] [unzip] Entry: server/server.mjs (compressed_size=315701 bytes, uncompressed_size=1172682 bytes)
[debug] [2026-09-22T15:33:23.989Z] [unzip] Processing entry: server\server.mjs
[debug] [2026-09-22T15:33:23.989Z] [unzip] else mkdir: C:\Users\phara\.cache\firebase\emulators\ui-v1.14.0\server
[debug] [2026-09-22T15:33:23.989Z] [unzip] deflating: C:\Users\phara\.cache\firebase\emulators\ui-v1.14.0\server\server.mjs
[debug] [2026-09-22T15:33:23.999Z] [unzip] Entry: server/assets/ (compressed_size=0 bytes, uncompressed_size=0 bytes)
[debug] [2026-09-22T15:33:24.000Z] [unzip] Processing entry: server\assets\
[debug] [2026-09-22T15:33:24.000Z] [unzip] mkdir: C:\Users\phara\.cache\firebase\emulators\ui-v1.14.0\server\assets\
[debug] [2026-09-22T15:33:24.001Z] [unzip] Entry: server/assets/multipart-parser-DGCUZdXu.mjs.map (compressed_size=4791 bytes, uncompressed_size=17918 bytes)
[debug] [2026-09-22T15:33:24.001Z] [unzip] Processing entry: server\assets\multipart-parser-DGCUZdXu.mjs.map
[debug] [2026-09-22T15:33:24.001Z] [unzip] else mkdir: C:\Users\phara\.cache\firebase\emulators\ui-v1.14.0\server\assets
[debug] [2026-09-22T15:33:24.002Z] [unzip] deflating: C:\Users\phara\.cache\firebase\emulators\ui-v1.14.0\server\assets\multipart-parser-DGCUZdXu.mjs.map
[debug] [2026-09-22T15:33:24.003Z] [unzip] Entry: server/assets/multipart-parser-DGCUZdXu.mjs (compressed_size=2621 bytes, uncompressed_size=10390 bytes)
[debug] [2026-09-22T15:33:24.003Z] [unzip] Processing entry: server\assets\multipart-parser-DGCUZdXu.mjs
[debug] [2026-09-22T15:33:24.003Z] [unzip] else mkdir: C:\Users\phara\.cache\firebase\emulators\ui-v1.14.0\server\assets
[debug] [2026-09-22T15:33:24.004Z] [unzip] deflating: C:\Users\phara\.cache\firebase\emulators\ui-v1.14.0\server\assets\multipart-parser-DGCUZdXu.mjs
[info] i  ui: Removing outdated emulator files: ui-v1.15.0 {"metadata":{"emulator":{"name":"ui"},"message":"Removing outdated emulator files: ui-v1.15.0"}}
[info] i  ui: Removing outdated emulator files: ui-v1.15.0.zip {"metadata":{"emulator":{"name":"ui"},"message":"Removing outdated emulator files: ui-v1.15.0.zip"}}
[debug] [2026-09-22T15:33:24.036Z] Could not find VSCode notification endpoint: FetchError: request to http://localhost:40001/vscode/notify failed, reason: . If you are not running the Firebase Data Connect VSCode extension, this is expected and not an issue.
[info] 
┌─────────────────────────────────────────────────────────────┐
│ ✔  All emulators ready! It is now safe to connect your app. │
│ i  View Emulator UI at http://127.0.0.1:4000/               │
└─────────────────────────────────────────────────────────────┘

┌────────────────┬────────────────┬────────────────────────────┐
│ Emulator       │ Host:Port      │ View in Emulator UI        │
├────────────────┼────────────────┼────────────────────────────┤
│ Authentication │ 127.0.0.1:9099 │ http://127.0.0.1:4000/auth │
└────────────────┴────────────────┴────────────────────────────┘
  Emulator Hub host: 127.0.0.1 port: 4400
  Other reserved ports: 4500

Issues? Report them at https://github.com/firebase/firebase-tools/issues and attach the *-debug.log files.
 
